[    0.000000] Booting Linux on physical CPU 0x0
[    0.000000] Linux version 3.10.17-rt12-1.0.0_ga+g4176d57 (jfinley@ip-10-100-24-103) (gcc version 4.8.1 (GCC) ) #8 SMP PREEMPT Wed Nov 18 20:25:43 UTC 2015
[    0.000000] CPU: ARMv7 Processor [412fc09a] revision 10 (ARMv7), cr=10c53c7d
[    0.000000] CPU: PIPT / VIPT nonaliasing data cache, VIPT aliasing instruction cache
[    0.000000] Machine: Freescale i.MX6 Quad/DualLite (Device Tree), model: 3DRobotics i.MX6 Solo HDTC
[    0.000000] cma: CMA: reserved 320 MiB at 1c000000
[    0.000000] Memory policy: ECC disabled, Data cache writealloc
[    0.000000] On node 0 totalpages: 131072
[    0.000000] free_area_init_node: node 0, pgdat 81004b80, node_mem_map 81069000
[    0.000000]   DMA zone: 1024 pages used for memmap
[    0.000000]   DMA zone: 0 pages reserved
[    0.000000]   DMA zone: 131072 pages, LIFO batch:31
[    0.000000] PERCPU: Embedded 8 pages/cpu @8147c000 s9024 r8192 d15552 u32768
[    0.000000] pcpu-alloc: s9024 r8192 d15552 u32768 alloc=8*4096
[    0.000000] pcpu-alloc: [0] 0 
[    0.000000] Built 1 zonelists in Zone order, mobility grouping on.  Total pages: 130048
[    0.000000] Kernel command line: console=ttymxc0,115200 nosmp root=/dev/mmcblk0p2 rootwait ro video=mxcfb0:dev=hdmi,1280x720M@60 consoleblank=0 factoryreset=0 vt.global_cursor_default=0
[    0.000000] PID hash table entries: 2048 (order: 1, 8192 bytes)
[    0.000000] Dentry cache hash table entries: 65536 (order: 6, 262144 bytes)
[    0.000000] Inode-cache hash table entries: 32768 (order: 5, 131072 bytes)
[    0.000000] Memory: 512MB = 512MB total
[    0.000000] Memory: 174488k/174488k available, 349800k reserved, 0K highmem
[    0.000000] Virtual kernel memory layout:
    vector  : 0xffff0000 - 0xffff1000   (   4 kB)
    fixmap  : 0xfff00000 - 0xfffe0000   ( 896 kB)
    vmalloc : 0xa0800000 - 0xff000000   (1512 MB)
    lowmem  : 0x80000000 - 0xa0000000   ( 512 MB)
    pkmap   : 0x7fe00000 - 0x80000000   (   2 MB)
    modules : 0x7f000000 - 0x7fe00000   (  14 MB)
      .text : 0x80008000 - 0x8065018c   (6433 kB)
      .init : 0x80651000 - 0x80fcc340   (9709 kB)
      .data : 0x80fce000 - 0x81006000   ( 224 kB)
       .bss : 0x81006000 - 0x810682e0   ( 393 kB)
[    0.000000] SLUB: HWalign=64, Order=0-3, MinObjects=0, CPUs=1, Nodes=1
[    0.000000] Preemptible hierarchical RCU implementation.
[    0.000000] 	RCU restricting CPUs from NR_CPUS=4 to nr_cpu_ids=1.
[    0.000000] NR_IRQS:16 nr_irqs:16 16
[    0.000000] L310 cache controller enabled
[    0.000000] l2x0: 16 ways, CACHE_ID 0x410000c8, AUX_CTRL 0x32050000, Cache size: 524288 B
[    0.000000] sched_clock: 32 bits at 3000kHz, resolution 333ns, wraps every 1431655ms
[    0.000000] CPU identified as i.MX6DL, silicon rev 1.2
[    0.000000] Console: colour dummy device 80x30
[    0.000763] Calibrating delay loop... 1581.05 BogoMIPS (lpj=7905280)
[    0.090133] pid_max: default: 32768 minimum: 301
[    0.090307] Mount-cache hash table entries: 512
[    0.091046] CPU: Testing write buffer coherency: ok
[    0.091303] CPU0: thread -1, cpu 0, socket 0, mpidr 80000000
[    0.091336] Setting up static identity map for 0x804a7bd8 - 0x804a7c30
[    0.130317] Brought up 1 CPUs
[    0.130329] SMP: Total of 1 processors activated (1581.05 BogoMIPS).
[    0.130335] CPU: All CPU(s) started in SVC mode.
[    0.130874] devtmpfs: initialized
[    0.134818] pinctrl core: initialized pinctrl subsystem
[    0.135101] regulator-dummy: no parameters
[    0.154743] NET: Registered protocol family 16
[    0.164220] DMA: preallocated 256 KiB pool for atomic coherent allocations
[    0.164903] Use WDOG1 as reset source
[    0.173130] syscon 20c8000.anatop: regmap [mem 0x020c8000-0x020c8fff] registered
[    0.173380] vdd1p1: 800 <--> 1375 mV at 1125 mV 
[    0.173686] vdd3p0: 2800 <--> 3150 mV at 3000 mV 
[    0.173956] vdd2p5: 2000 <--> 2750 mV at 2425 mV 
[    0.174228] cpu: 725 <--> 1450 mV at 1150 mV 
[    0.174511] vddpu: 725 <--> 1450 mV 
[    0.174803] vddsoc: 725 <--> 1450 mV at 1200 mV 
[    0.176522] syscon 20e0000.iomuxc-gpr: regmap [mem 0x020e0000-0x020e0037] registered
[    0.179172] syscon 21bc000.ocotp-ctrl: regmap [mem 0x021bc000-0x021bffff] registered
[    0.183176] hw-breakpoint: found 5 (+1 reserved) breakpoint and 1 watchpoint registers.
[    0.183185] hw-breakpoint: maximum watchpoint size is 4 bytes.
[    0.184678] imx6dl-pinctrl 20e0000.iomuxc: initialized IMX pinctrl driver
[    0.189061] bio: create slab <bio-0> at 0
[    0.191026] mxs-dma 110000.dma-apbh: initialized
[    0.191739] usb_otg_vbus: 5000 mV 
[    0.191934] usb_h1_vbus: 5000 mV 
[    0.192125] mipi_dsi_pwr_on: no parameters
[    0.192311] 3P3V: 3300 mV 
[    0.192489] 1P8V: 1800 mV 
[    0.192689] sensor-supply: 3300 mV 
[    0.192960] vgaarb: loaded
[    0.193508] usbcore: registered new interface driver usbfs
[    0.193568] usbcore: registered new interface driver hub
[    0.193677] usbcore: registered new device driver usb
[    0.194495] i2c i2c-0: IMX I2C adapter registered
[    0.195151] i2c i2c-1: IMX I2C adapter registered
[    0.195414] i2c i2c-2: IMX I2C adapter registered
[    0.195526] Linux video capture interface: v2.00
[    0.195569] pps_core: LinuxPPS API ver. 1 registered
[    0.195575] pps_core: Software ver. 5.3.6 - Copyright 2005-2007 Rodolfo Giometti <giometti@linux.it>
[    0.195595] PTP clock support registered
[    0.210527] imx-ipuv3 2400000.ipu: IPU DMFC NORMAL mode: 1(0~1), 5B(4,5), 5F(6,7)
[    0.211368] Advanced Linux Sound Architecture Driver Initialized.
[    0.211916] Switching to clocksource mxc_timer1
[    0.346451] PCI host bridge to bus 0000:00
[    0.346469] pci_bus 0000:00: root bus resource [io  0x1000-0x10000]
[    0.346479] pci_bus 0000:00: root bus resource [mem 0x01000000-0x01efffff]
[    0.346490] pci_bus 0000:00: No busn resource found for root bus, will use [bus 00-ff]
[    0.346533] pci 0000:00:00.0: [16c3:abcd] type 01 class 0x060400
[    0.346561] pci 0000:00:00.0: reg 10: [mem 0x00000000-0x000fffff]
[    0.346587] pci 0000:00:00.0: reg 38: [mem 0x00000000-0x0000ffff pref]
[    0.346646] pci 0000:00:00.0: supports D1
[    0.346656] pci 0000:00:00.0: PME# supported from D0 D1 D3hot D3cold
[    0.346869] PCI: bus0: Fast back to back transfers disabled
[    0.347098] pci 0000:01:00.0: [168c:0030] type 00 class 0x028000
[    0.347191] pci 0000:01:00.0: reg 10: [mem 0x00000000-0x0001ffff 64bit]
[    0.347381] pci 0000:01:00.0: reg 30: [mem 0x00000000-0x0000ffff pref]
[    0.347512] pci 0000:01:00.0: supports D1
[    0.347521] pci 0000:01:00.0: PME# supported from D0 D1 D3hot
[    0.347745] PCI: bus1: Fast back to back transfers disabled
[    0.347761] pci_bus 0000:01: busn_res: [bus 01-ff] end is updated to 01
[    0.347778] pci_bus 0000:00: busn_res: [bus 00-ff] end is updated to 01
[    0.347836] pci 0000:00:00.0: BAR 0: assigned [mem 0x01000000-0x010fffff]
[    0.347850] pci 0000:00:00.0: BAR 8: assigned [mem 0x01100000-0x011fffff]
[    0.347865] pci 0000:00:00.0: BAR 9: assigned [mem 0x01200000-0x012fffff pref]
[    0.347875] pci 0000:00:00.0: BAR 6: assigned [mem 0x01300000-0x0130ffff pref]
[    0.347890] pci 0000:01:00.0: BAR 0: assigned [mem 0x01100000-0x0111ffff 64bit]
[    0.347937] pci 0000:01:00.0: BAR 6: assigned [mem 0x01200000-0x0120ffff pref]
[    0.347950] pci 0000:00:00.0: PCI bridge to [bus 01]
[    0.347962] pci 0000:00:00.0:   bridge window [mem 0x01100000-0x011fffff]
[    0.347973] pci 0000:00:00.0:   bridge window [mem 0x01200000-0x012fffff pref]
[    0.348001] pci_bus 0000:00: resource 4 [io  0x1000-0x10000]
[    0.348011] pci_bus 0000:00: resource 5 [mem 0x01000000-0x01efffff]
[    0.348021] pci_bus 0000:01: resource 1 [mem 0x01100000-0x011fffff]
[    0.348029] pci_bus 0000:01: resource 2 [mem 0x01200000-0x012fffff pref]
[    0.356407] NET: Registered protocol family 2
[    0.356995] TCP established hash table entries: 4096 (order: 3, 32768 bytes)
[    0.357067] TCP bind hash table entries: 4096 (order: 3, 32768 bytes)
[    0.357132] TCP: Hash tables configured (established 4096 bind 4096)
[    0.357182] TCP: reno registered
[    0.357195] UDP hash table entries: 256 (order: 1, 8192 bytes)
[    0.357221] UDP-Lite hash table entries: 256 (order: 1, 8192 bytes)
[    0.357480] NET: Registered protocol family 1
[    0.357537] PCI: CLS 64 bytes, default 64
[    0.448826] hw perfevents: enabled with ARMv7 Cortex-A9 PMU driver, 7 counters available
[    0.449786] pureg-dummy: no parameters
[    0.451274] Bus freq driver module loaded
[    0.457100] VFS: Disk quotas dquot_6.5.2
[    0.457351] Dquot-cache hash table entries: 1024 (order 0, 4096 bytes)
[    0.458983] squashfs: version 4.0 (2009/01/31) Phillip Lougher
[    0.459707] aufs 3.10-20141215
[    0.459728] msgmni has been set to 980
[    0.463325] io scheduler noop registered
[    0.463333] io scheduler deadline registered
[    0.463497] io scheduler cfq registered (default)
[    0.463793] imx-weim 21b8000.weim: WEIM driver registered.
[    0.466109] mxc_sdc_fb fb.27: register mxc display driver hdmi
[    0.466158] mxc_hdmi 20e0000.hdmi_video: Detected HDMI controller 0x13:0x1a:0xa0:0xc1
[    0.466180] fbcvt: 1280x720@60: CVT Name - .921M9
[    0.482168] imx-ipuv3 2400000.ipu: IPU DMFC DP HIGH RESOLUTION: 1(0,1), 5B(2~5), 5F(6,7)
[    0.540847] Console: switching to colour frame buffer device 160x45
[    0.576761] mxc_sdc_fb fb.28: register mxc display driver hdmi
[    0.576776] mxc_hdmi 20e0000.hdmi_video: Error only one HDMI output support now!
[    0.576785] mxc_sdc_fb fb.28: NO mxc display driver found!
[    0.578951] imx-sdma 20ec000.sdma: no iram assigned, using external mem
[    0.581859] imx-sdma 20ec000.sdma: initialized
[    0.582440] imx-sdma 20ec000.sdma: loaded firmware 1.1
[    0.631093] Serial: IMX driver
[    0.631390] 2020000.serial: ttymxc0 at MMIO 0x2020000 (irq = 58) is a IMX
[    1.209865] console [ttymxc0] enabled
[    1.212941] 21e8000.serial: ttymxc1 at MMIO 0x21e8000 (irq = 59) is a IMX
[    1.218811] 21ec000.serial: ttymxc2 at MMIO 0x21ec000 (irq = 60) is a IMX
[    1.224707] 21f0000.serial: ttymxc3 at MMIO 0x21f0000 (irq = 61) is a IMX
[    1.230508] serial: Freescale lpuart driver
[    1.234144] [drm] Initialized drm 1.1.0 20060810
[    1.244039] brd: module loaded
[    1.249339] loop: module loaded
[    1.253528] ehci_hcd: USB 2.0 'Enhanced' Host Controller (EHCI) Driver
[    1.258768] ehci-pci: EHCI PCI platform driver
[    1.270448] ci_hdrc ci_hdrc.1: doesn't support gadget
[    1.274252] ci_hdrc ci_hdrc.1: EHCI Host Controller
[    1.277857] ci_hdrc ci_hdrc.1: new USB bus registered, assigned bus number 1
[    1.302002] ci_hdrc ci_hdrc.1: USB 2.0 started, EHCI 1.00
[    1.306689] hub 1-0:1.0: USB hub found
[    1.309163] hub 1-0:1.0: 1 port detected
[    1.313137] snvs_rtc 20cc034.snvs-rtc-lp: rtc core: registered 20cc034.snvs-rtc-lp as rtc0
[    1.320234] i2c /dev entries driver
[    1.323252] mxc_v4l2_output v4l2_out.32: V4L2 device registered as video16
[    1.328973] mxc_v4l2_output v4l2_out.32: V4L2 device registered as video17
[    1.335563] imx2-wdt 20bc000.wdog: IMX2+ Watchdog Timer enabled. timeout=60s (nowayout=0)
[    1.342875] cpuidle: using governor ladder
[    1.345680] cpuidle: using governor menu
[    1.348347] sdhci: Secure Digital Host Controller Interface driver
[    1.353258] sdhci: Copyright(c) Pierre Ossman
[    1.356319] sdhci-pltfm: SDHCI platform and OF driver helper
[    1.361806] mmc0: no vqmmc regulator found
[    1.364646] mmc0: no vmmc regulator found
[    1.411995] mmc0: SDHCI controller on 2194000.usdhc [2194000.usdhc] using ADMA
[    1.420760] mmc1: no vqmmc regulator found
[    1.423598] mmc1: no vmmc regulator found
[    1.471993] mmc1: SDHCI controller on 2198000.usdhc [2198000.usdhc] using ADMA
[    1.480572] mxc_vdoa 21e4000.vdoa: i.MX Video Data Order Adapter(VDOA) driver probed
[    1.491652] mxc_asrc 2034000.asrc: mxc_asrc registered
[    1.499343] mxc_vpu 2040000.vpu: VPU initialized
[    1.507181] leds-gpio leds.18: pins are not configured from the driver
[    1.514675] ledtrig-cpu: registered to indicate activity on CPUs
[    1.521595] usbcore: registered new interface driver usbhid
[    1.525940] usbhid: USB HID core driver
[    1.538970] imx-audio-hdmi sound-hdmi.26:  hdmi-hifi <-> hdmi_audio.16 mapping ok
[    1.546251] TCP: cubic registered
[    1.548671] NET: Registered protocol family 10
[    1.552606] sit: IPv6 over IPv4 tunneling driver
[    1.556472] NET: Registered protocol family 17
[    1.559636] 8021q: 802.1Q VLAN Support v1.8
[    1.562665] Key type dns_resolver registered
[    1.565775] VFP support v0.3: implementor 41 architecture 3 part 30 variant 9 rev 4
[    1.574712] snvs_rtc 20cc034.snvs-rtc-lp: setting system clock to 1970-01-01 00:00:00 UTC (0)
[    1.589327] ALSA device list:
[    1.591014]   #0: imx-hdmi-soc
[    1.603050] mmc1: new high speed SDHC card at address e624
[    1.608696] Freeing unused kernel memory: 9708K (80651000 - 80fcc000)
[    1.613919] mmcblk0: mmc1:e624 SU08G 7.40 GiB 
[    1.618348]  mmcblk0: p1 p2 p3 p4
[    1.861487] kjournald starting.  Commit interval 5 seconds
[    1.867723] EXT3-fs (mmcblk0p4): using internal journal
[    1.871651] EXT3-fs (mmcblk0p4): mounted filesystem with ordered data mode
[    2.856344] kjournald starting.  Commit interval 5 seconds
[    2.865424] EXT3-fs (mmcblk0p3): using internal journal
[    2.869351] EXT3-fs (mmcblk0p3): mounted filesystem with ordered data mode
[    3.719804] udevd[141]: starting version 182
[    4.096831] Loading modules backported from Linux version next-20150903-0-ga672f92
[    4.136231] g_acm_ms gadget: Mass Storage Function, version: 2009/09/11
[    4.141553] g_acm_ms gadget: Number of LUNs=1
[    4.148409] Backport generated by backports.git backports-20150903-0-g7b34ea2
[    4.203676]  lun0: LUN: file: /dev/mmcblk0p4
[    4.309473] g_acm_ms gadget: Composite Gadget (ACM + MS), version: 2011/10/10
[    4.347790] cfg80211: World regulatory domain updated:
[    4.355620] g_acm_ms gadget: g_acm_ms ready
[    4.351635] cfg80211:  DFS Master region: unset
[    4.360523] cfg80211:   (start_freq - end_freq @ bandwidth), (max_antenna_gain, max_eirp), (dfs_cac_time)
[    4.536477] cfg80211:   (2402000 KHz - 2472000 KHz @ 40000 KHz), (N/A, 2000 mBm), (N/A)
[    4.627105] cfg80211:   (2457000 KHz - 2482000 KHz @ 40000 KHz), (N/A, 2000 mBm), (N/A)
[    4.873711] cfg80211:   (2474000 KHz - 2494000 KHz @ 20000 KHz), (N/A, 2000 mBm), (N/A)
[    4.880425] cfg80211:   (5170000 KHz - 5250000 KHz @ 160000 KHz), (N/A, 2000 mBm), (N/A)
[    5.271134] cfg80211:   (5250000 KHz - 5330000 KHz @ 160000 KHz), (N/A, 2000 mBm), (0 s)
[    5.364326] cfg80211:   (5490000 KHz - 5730000 KHz @ 160000 KHz), (N/A, 2000 mBm), (0 s)
[    5.396615] cfg80211:   (5735000 KHz - 5835000 KHz @ 80000 KHz), (N/A, 2000 mBm), (N/A)
[    5.412052] cfg80211:   (57240000 KHz - 63720000 KHz @ 2160000 KHz), (N/A, 0 mBm), (N/A)
[    5.583871] PCI: enabling device 0000:01:00.0 (0140 -> 0142)
[    5.926281] EXT4-fs (mmcblk0p4): mounted filesystem with ordered data mode. Opts: (null)
[    6.130518] ath: EEPROM regdomain: 0x0
[    6.130526] ath: EEPROM indicates default country code should be used
[    6.130529] ath: doing EEPROM country->regdmn map search
[    6.130536] ath: country maps to regdmn code: 0x3a
[    6.130540] ath: Country alpha2 being used: US
[    6.130543] ath: Regpair used: 0x3a
[    6.169378] ieee80211 phy0: Selected rate control algorithm 'minstrel_ht'
[    6.171226] cfg80211: Regulatory domain changed to country: US
[    6.177729] ieee80211 phy0: Atheros AR9300 Rev:3 mem=0xa0c40000, irq=155
[    6.188102] cfg80211:  DFS Master region: FCC
[    6.190992] cfg80211:   (start_freq - end_freq @ bandwidth), (max_antenna_gain, max_eirp), (dfs_cac_time)
[    6.229567] cfg80211:   (2402000 KHz - 2472000 KHz @ 40000 KHz), (N/A, 3000 mBm), (N/A)
[    6.255261] cfg80211:   (5170000 KHz - 5250000 KHz @ 80000 KHz), (N/A, 1700 mBm), (N/A)
[    6.290383] cfg80211:   (5250000 KHz - 5330000 KHz @ 80000 KHz), (N/A, 2300 mBm), (0 s)
[    6.312065] cfg80211:   (5735000 KHz - 5835000 KHz @ 80000 KHz), (N/A, 3000 mBm), (N/A)
[    6.318776] cfg80211:   (57240000 KHz - 63720000 KHz @ 2160000 KHz), (N/A, 4000 mBm), (N/A)
