[    0.000000] Booting Linux on physical CPU 0x0
[    0.000000] Linux version 3.10.17-rt12-1.0.0_ga+g4176d57 (jfinley@ip-10-100-24-103) (gcc version 4.8.1 (GCC) ) #8 SMP PREEMPT Wed Nov 18 20:27:35 UTC 2015
[    0.000000] CPU: ARMv7 Processor [412fc09a] revision 10 (ARMv7), cr=10c53c7d
[    0.000000] CPU: PIPT / VIPT nonaliasing data cache, VIPT aliasing instruction cache
[    0.000000] Machine: Freescale i.MX6 Quad/DualLite (Device Tree), model: 3DRobotics i.MX6 Solo HDTC
[    0.000000] cma: CMA: reserved 320 MiB at 1c000000
[    0.000000] Memory policy: ECC disabled, Data cache writealloc
[    0.000000] On node 0 totalpages: 131072
[    0.000000] free_area_init_node: node 0, pgdat 81004bc0, node_mem_map 81069000
[    0.000000]   DMA zone: 1024 pages used for memmap
[    0.000000]   DMA zone: 0 pages reserved
[    0.000000]   DMA zone: 131072 pages, LIFO batch:31
[    0.000000] PERCPU: Embedded 8 pages/cpu @8147b000 s9024 r8192 d15552 u32768
[    0.000000] pcpu-alloc: s9024 r8192 d15552 u32768 alloc=8*4096
[    0.000000] pcpu-alloc: [0] 0 
[    0.000000] Built 1 zonelists in Zone order, mobility grouping on.  Total pages: 130048
[    0.000000] Kernel command line: console=ttymxc3,115200 nosmp root=/dev/mmcblk0p2 rootwait ro video=mxcfb0:dev=hdmi,1280x720M@60 consoleblank=0 factoryreset=0 vt.global_cursor_default=0
[    0.000000] PID hash table entries: 2048 (order: 1, 8192 bytes)
[    0.000000] Dentry cache hash table entries: 65536 (order: 6, 262144 bytes)
[    0.000000] Inode-cache hash table entries: 32768 (order: 5, 131072 bytes)
[    0.000000] Memory: 512MB = 512MB total
[    0.000000] Memory: 174496k/174496k available, 349792k reserved, 0K highmem
[    0.000000] Virtual kernel memory layout:
    vector  : 0xffff0000 - 0xffff1000   (   4 kB)
    fixmap  : 0xfff00000 - 0xfffe0000   ( 896 kB)
    vmalloc : 0xa0800000 - 0xff000000   (1512 MB)
    lowmem  : 0x80000000 - 0xa0000000   ( 512 MB)
    pkmap   : 0x7fe00000 - 0x80000000   (   2 MB)
    modules : 0x7f000000 - 0x7fe00000   (  14 MB)
      .text : 0x80008000 - 0x8065018c   (6433 kB)
      .init : 0x80651000 - 0x80fcc340   (9709 kB)
      .data : 0x80fce000 - 0x81006040   ( 225 kB)
       .bss : 0x81006040 - 0x81068320   ( 393 kB)
[    0.000000] SLUB: HWalign=64, Order=0-3, MinObjects=0, CPUs=1, Nodes=1
[    0.000000] Preemptible hierarchical RCU implementation.
[    0.000000] 	RCU restricting CPUs from NR_CPUS=4 to nr_cpu_ids=1.
[    0.000000] NR_IRQS:16 nr_irqs:16 16
[    0.000000] L310 cache controller enabled
[    0.000000] l2x0: 16 ways, CACHE_ID 0x410000c8, AUX_CTRL 0x32050000, Cache size: 524288 B
[    0.000000] sched_clock: 32 bits at 3000kHz, resolution 333ns, wraps every 1431655ms
[    0.000000] CPU identified as i.MX6DL, silicon rev 1.2
[    0.000000] Console: colour dummy device 80x30
[    0.000710] Calibrating delay loop... 1581.05 BogoMIPS (lpj=7905280)
[    0.090125] pid_max: default: 32768 minimum: 301
[    0.090299] Mount-cache hash table entries: 512
[    0.091030] CPU: Testing write buffer coherency: ok
[    0.091282] CPU0: thread -1, cpu 0, socket 0, mpidr 80000000
[    0.091316] Setting up static identity map for 0x804a7f78 - 0x804a7fd0
[    0.130312] Brought up 1 CPUs
[    0.130323] SMP: Total of 1 processors activated (1581.05 BogoMIPS).
[    0.130328] CPU: All CPU(s) started in SVC mode.
[    0.130858] devtmpfs: initialized
[    0.134886] pinctrl core: initialized pinctrl subsystem
[    0.135167] regulator-dummy: no parameters
[    0.155927] NET: Registered protocol family 16
[    0.165294] DMA: preallocated 256 KiB pool for atomic coherent allocations
[    0.165982] Use WDOG1 as reset source
[    0.174085] syscon 20c8000.anatop: regmap [mem 0x020c8000-0x020c8fff] registered
[    0.174324] vdd1p1: 800 <--> 1375 mV at 1125 mV 
[    0.174633] vdd3p0: 2800 <--> 3150 mV at 3000 mV 
[    0.174903] vdd2p5: 2000 <--> 2750 mV at 2425 mV 
[    0.175186] cpu: 725 <--> 1450 mV at 1150 mV 
[    0.175453] vddpu: 725 <--> 1450 mV 
[    0.175743] vddsoc: 725 <--> 1450 mV at 1200 mV 
[    0.177489] syscon 20e0000.iomuxc-gpr: regmap [mem 0x020e0000-0x020e0037] registered
[    0.179831] syscon 21bc000.ocotp-ctrl: regmap [mem 0x021bc000-0x021bffff] registered
[    0.182592] hw-breakpoint: found 5 (+1 reserved) breakpoint and 1 watchpoint registers.
[    0.182601] hw-breakpoint: maximum watchpoint size is 4 bytes.
[    0.184030] imx6dl-pinctrl 20e0000.iomuxc: initialized IMX pinctrl driver
[    0.188182] bio: create slab <bio-0> at 0
[    0.190086] mxs-dma 110000.dma-apbh: initialized
[    0.190781] usb_otg_vbus: 5000 mV 
[    0.191000] usb_h1_vbus: 5000 mV 
[    0.191209] 3P3V: 3300 mV 
[    0.191407] 1P8V: 1800 mV 
[    0.191675] vgaarb: loaded
[    0.192121] usbcore: registered new interface driver usbfs
[    0.192171] usbcore: registered new interface driver hub
[    0.192274] usbcore: registered new device driver usb
[    0.193488] i2c i2c-0: IMX I2C adapter registered
[    0.194017] i2c i2c-1: IMX I2C adapter registered
[    0.194100] Linux video capture interface: v2.00
[    0.194142] pps_core: LinuxPPS API ver. 1 registered
[    0.194148] pps_core: Software ver. 5.3.6 - Copyright 2005-2007 Rodolfo Giometti <giometti@linux.it>
[    0.194169] PTP clock support registered
[    0.210503] imx-ipuv3 2400000.ipu: IPU DMFC NORMAL mode: 1(0~1), 5B(4,5), 5F(6,7)
[    0.211316] Advanced Linux Sound Architecture Driver Initialized.
[    0.211858] Switching to clocksource mxc_timer1
[    0.346391] PCI host bridge to bus 0000:00
[    0.346409] pci_bus 0000:00: root bus resource [io  0x1000-0x10000]
[    0.346419] pci_bus 0000:00: root bus resource [mem 0x01000000-0x01efffff]
[    0.346430] pci_bus 0000:00: No busn resource found for root bus, will use [bus 00-ff]
[    0.346468] pci 0000:00:00.0: [16c3:abcd] type 01 class 0x060400
[    0.346493] pci 0000:00:00.0: reg 10: [mem 0x00000000-0x000fffff]
[    0.346516] pci 0000:00:00.0: reg 38: [mem 0x00000000-0x0000ffff pref]
[    0.346565] pci 0000:00:00.0: supports D1
[    0.346573] pci 0000:00:00.0: PME# supported from D0 D1 D3hot D3cold
[    0.346786] PCI: bus0: Fast back to back transfers disabled
[    0.347003] pci 0000:01:00.0: [168c:0030] type 00 class 0x028000
[    0.347096] pci 0000:01:00.0: reg 10: [mem 0x00000000-0x0001ffff 64bit]
[    0.347287] pci 0000:01:00.0: reg 30: [mem 0x00000000-0x0000ffff pref]
[    0.347423] pci 0000:01:00.0: supports D1
[    0.347431] pci 0000:01:00.0: PME# supported from D0 D1 D3hot
[    0.347659] PCI: bus1: Fast back to back transfers disabled
[    0.347673] pci_bus 0000:01: busn_res: [bus 01-ff] end is updated to 01
[    0.347688] pci_bus 0000:00: busn_res: [bus 00-ff] end is updated to 01
[    0.347747] pci 0000:00:00.0: BAR 0: assigned [mem 0x01000000-0x010fffff]
[    0.347762] pci 0000:00:00.0: BAR 8: assigned [mem 0x01100000-0x011fffff]
[    0.347772] pci 0000:00:00.0: BAR 9: assigned [mem 0x01200000-0x012fffff pref]
[    0.347784] pci 0000:00:00.0: BAR 6: assigned [mem 0x01300000-0x0130ffff pref]
[    0.347799] pci 0000:01:00.0: BAR 0: assigned [mem 0x01100000-0x0111ffff 64bit]
[    0.347847] pci 0000:01:00.0: BAR 6: assigned [mem 0x01200000-0x0120ffff pref]
[    0.347858] pci 0000:00:00.0: PCI bridge to [bus 01]
[    0.347872] pci 0000:00:00.0:   bridge window [mem 0x01100000-0x011fffff]
[    0.347883] pci 0000:00:00.0:   bridge window [mem 0x01200000-0x012fffff pref]
[    0.347913] pci_bus 0000:00: resource 4 [io  0x1000-0x10000]
[    0.347923] pci_bus 0000:00: resource 5 [mem 0x01000000-0x01efffff]
[    0.347932] pci_bus 0000:01: resource 1 [mem 0x01100000-0x011fffff]
[    0.347941] pci_bus 0000:01: resource 2 [mem 0x01200000-0x012fffff pref]
[    0.356315] NET: Registered protocol family 2
[    0.356907] TCP established hash table entries: 4096 (order: 3, 32768 bytes)
[    0.356979] TCP bind hash table entries: 4096 (order: 3, 32768 bytes)
[    0.357045] TCP: Hash tables configured (established 4096 bind 4096)
[    0.357095] TCP: reno registered
[    0.357108] UDP hash table entries: 256 (order: 1, 8192 bytes)
[    0.357135] UDP-Lite hash table entries: 256 (order: 1, 8192 bytes)
[    0.357395] NET: Registered protocol family 1
[    0.357458] PCI: CLS 64 bytes, default 64
[    0.449122] hw perfevents: enabled with ARMv7 Cortex-A9 PMU driver, 7 counters available
[    0.449946] pureg-dummy: no parameters
[    0.451335] Bus freq driver module loaded
[    0.457094] VFS: Disk quotas dquot_6.5.2
[    0.457358] Dquot-cache hash table entries: 1024 (order 0, 4096 bytes)
[    0.459088] squashfs: version 4.0 (2009/01/31) Phillip Lougher
[    0.459841] aufs 3.10-20141215
[    0.459862] msgmni has been set to 980
[    0.463472] io scheduler noop registered
[    0.463482] io scheduler deadline registered
[    0.463638] io scheduler cfq registered (default)
[    0.463928] imx-weim 21b8000.weim: WEIM driver registered.
[    0.467405] imx-sdma 20ec000.sdma: no iram assigned, using external mem
[    0.470317] imx-sdma 20ec000.sdma: initialized
[    0.470746] imx-sdma 20ec000.sdma: loaded firmware 1.1
[    0.521303] Serial: IMX driver
[    0.522048] 21e8000.serial: ttymxc1 at MMIO 0x21e8000 (irq = 59) is a IMX
[    0.522437] 21ec000.serial: ttymxc2 at MMIO 0x21ec000 (irq = 60) is a IMX
[    0.522807] 21f0000.serial: ttymxc3 at MMIO 0x21f0000 (irq = 61) is a IMX
[    1.062765] console [ttymxc3] enabled
[    1.065515] 21f4000.serial: ttymxc4 at MMIO 0x21f4000 (irq = 62) is a IMX
[    1.071271] serial: Freescale lpuart driver
[    1.074881] [drm] Initialized drm 1.1.0 20060810
[    1.084845] brd: module loaded
[    1.090202] loop: module loaded
[    1.094227] ehci_hcd: USB 2.0 'Enhanced' Host Controller (EHCI) Driver
[    1.099465] ehci-pci: EHCI PCI platform driver
[    1.111098] ci_hdrc ci_hdrc.1: doesn't support gadget
[    1.114898] ci_hdrc ci_hdrc.1: EHCI Host Controller
[    1.118506] ci_hdrc ci_hdrc.1: new USB bus registered, assigned bus number 1
[    1.141942] ci_hdrc ci_hdrc.1: USB 2.0 started, EHCI 1.00
[    1.146658] hub 1-0:1.0: USB hub found
[    1.149138] hub 1-0:1.0: 1 port detected
[    1.153024] snvs_rtc 20cc034.snvs-rtc-lp: rtc core: registered 20cc034.snvs-rtc-lp as rtc0
[    1.160103] i2c /dev entries driver
[    1.163720] imx2-wdt 20bc000.wdog: IMX2+ Watchdog Timer enabled. timeout=60s (nowayout=0)
[    1.170970] cpuidle: using governor ladder
[    1.173828] cpuidle: using governor menu
[    1.176505] sdhci: Secure Digital Host Controller Interface driver
[    1.181390] sdhci: Copyright(c) Pierre Ossman
[    1.184475] sdhci-pltfm: SDHCI platform and OF driver helper
[    1.189970] mmc0: no vqmmc regulator found
[    1.192811] mmc0: no vmmc regulator found
[    1.231938] mmc0: SDHCI controller on 2198000.usdhc [2198000.usdhc] using ADMA
[    1.240428] mxc_vdoa 21e4000.vdoa: i.MX Video Data Order Adapter(VDOA) driver probed
[    1.252132] mxc_asrc 2034000.asrc: mxc_asrc registered
[    1.259739] mxc_vpu 2040000.vpu: VPU initialized
[    1.267549] leds-gpio leds.16: pins are not configured from the driver
[    1.275006] ledtrig-cpu: registered to indicate activity on CPUs
[    1.281974] usbcore: registered new interface driver usbhid
[    1.286291] usbhid: USB HID core driver
[    1.293862] TCP: cubic registered
[    1.296332] NET: Registered protocol family 10
[    1.300206] sit: IPv6 over IPv4 tunneling driver
[    1.307279] NET: Registered protocol family 17
[    1.310495] 8021q: 802.1Q VLAN Support v1.8
[    1.313511] Key type dns_resolver registered
[    1.316588] VFP support v0.3: implementor 41 architecture 3 part 30 variant 9 rev 4
[    1.325483] input: gpio-keys.22 as /devices/soc0/gpio-keys.22/input/input0
[    1.331306] snvs_rtc 20cc034.snvs-rtc-lp: setting system clock to 1970-01-01 00:00:00 UTC (0)
[    1.346522] ALSA device list:
[    1.348205]   No soundcards found.
[    1.360466] Freeing unused kernel memory: 9708K (80651000 - 80fcc000)
[    1.366733] mmc0: new high speed SDHC card at address e624
[    1.378808] mmcblk0: mmc0:e624 SU08G 7.40 GiB 
[    1.383324]  mmcblk0: p1 p2 p3 p4
[    2.140373] kjournald starting.  Commit interval 5 seconds
[    2.146129] EXT3-fs (mmcblk0p4): using internal journal
[    2.150057] EXT3-fs (mmcblk0p4): mounted filesystem with ordered data mode
[    3.435522] kjournald starting.  Commit interval 5 seconds
[    3.444784] EXT3-fs (mmcblk0p3): using internal journal
[    3.448711] EXT3-fs (mmcblk0p3): mounted filesystem with ordered data mode
[    4.249959] udevd[142]: starting version 182
[    4.724910] g_acm_ms gadget: Mass Storage Function, version: 2009/09/11
[    4.730234] g_acm_ms gadget: Number of LUNs=1
[    4.791990]  lun0: LUN: file: /dev/mmcblk0p4
[    4.799841] Loading modules backported from Linux version next-20150903-0-ga672f92
[    4.859296] g_acm_ms gadget: Composite Gadget (ACM + MS), version: 2011/10/10
[    4.871454] Backport generated by backports.git backports-20150903-0-g7b34ea2
[    4.883960] g_acm_ms gadget: g_acm_ms ready
[    5.288850] cfg80211: World regulatory domain updated:
[    5.319700] cfg80211:  DFS Master region: unset
[    5.402216] cfg80211:   (start_freq - end_freq @ bandwidth), (max_antenna_gain, max_eirp), (dfs_cac_time)
[    5.823781] cfg80211:   (2402000 KHz - 2472000 KHz @ 40000 KHz), (N/A, 2000 mBm), (N/A)
[    6.012471] cfg80211:   (2457000 KHz - 2482000 KHz @ 40000 KHz), (N/A, 2000 mBm), (N/A)
[    6.087761] cfg80211:   (2474000 KHz - 2494000 KHz @ 20000 KHz), (N/A, 2000 mBm), (N/A)
[    6.132118] cfg80211:   (5170000 KHz - 5250000 KHz @ 160000 KHz), (N/A, 2000 mBm), (N/A)
[    6.138918] cfg80211:   (5250000 KHz - 5330000 KHz @ 160000 KHz), (N/A, 2000 mBm), (0 s)
[    6.178324] cfg80211:   (5490000 KHz - 5730000 KHz @ 160000 KHz), (N/A, 2000 mBm), (0 s)
[    6.199535] cfg80211:   (5735000 KHz - 5835000 KHz @ 80000 KHz), (N/A, 2000 mBm), (N/A)
[    6.215909] cfg80211:   (57240000 KHz - 63720000 KHz @ 2160000 KHz), (N/A, 0 mBm), (N/A)
[    6.427286] PCI: enabling device 0000:01:00.0 (0140 -> 0142)
[    6.694797] EXT4-fs (mmcblk0p4): mounted filesystem with ordered data mode. Opts: (null)
[    6.929334] ath: EEPROM regdomain: 0x0
[    6.929342] ath: EEPROM indicates default country code should be used
[    6.929346] ath: doing EEPROM country->regdmn map search
[    6.929353] ath: country maps to regdmn code: 0x3a
[    6.929357] ath: Country alpha2 being used: US
[    6.929360] ath: Regpair used: 0x3a
[    6.949253] ieee80211 phy0: Selected rate control algorithm 'minstrel_ht'
[    6.960049] cfg80211: Regulatory domain changed to country: US
[    6.966094] ieee80211 phy0: Atheros AR9300 Rev:3 mem=0xa0c00000, irq=155
[    6.971525] cfg80211:  DFS Master region: FCC
[    6.977798] cfg80211:   (start_freq - end_freq @ bandwidth), (max_antenna_gain, max_eirp), (dfs_cac_time)
[    7.028669] cfg80211:   (2402000 KHz - 2472000 KHz @ 40000 KHz), (N/A, 3000 mBm), (N/A)
[    7.058804] cfg80211:   (5170000 KHz - 5250000 KHz @ 80000 KHz), (N/A, 1700 mBm), (N/A)
[    7.078204] cfg80211:   (5250000 KHz - 5330000 KHz @ 80000 KHz), (N/A, 2300 mBm), (0 s)
[    7.112155] cfg80211:   (5735000 KHz - 5835000 KHz @ 80000 KHz), (N/A, 3000 mBm), (N/A)
[    7.118869] cfg80211:   (57240000 KHz - 63720000 KHz @ 2160000 KHz), (N/A, 4000 mBm), (N/A)
