[    0.000000] Booting Linux on physical CPU 0x0
[    0.000000] Linux version 3.10.17-rt12-1.0.0_ga+g4176d57 (jfinley@ip-10-100-24-103) (gcc version 4.8.1 (GCC) ) #8 SMP PREEMPT Wed Nov 18 20:25:43 UTC 2015
[    0.000000] CPU: ARMv7 Processor [412fc09a] revision 10 (ARMv7), cr=10c53c7d
[    0.000000] CPU: PIPT / VIPT nonaliasing data cache, VIPT aliasing instruction cache
[    0.000000] Machine: Freescale i.MX6 Quad/DualLite (Device Tree), model: 3DRobotics i.MX6 Solo HDTC
[    0.000000] cma: CMA: reserved 320 MiB at 1c000000
[    0.000000] Memory policy: ECC disabled, Data cache writealloc
[    0.000000] On node 0 totalpages: 131072
[    0.000000] free_area_init_node: node 0, pgdat 81004b80, node_mem_map 81069000
[    0.000000]   DMA zone: 1024 pages used for memmap
[    0.000000]   DMA zone: 0 pages reserved
[    0.000000]   DMA zone: 131072 pages, LIFO batch:31
[    0.000000] PERCPU: Embedded 8 pages/cpu @8147c000 s9024 r8192 d15552 u32768
[    0.000000] pcpu-alloc: s9024 r8192 d15552 u32768 alloc=8*4096
[    0.000000] pcpu-alloc: [0] 0 
[    0.000000] Built 1 zonelists in Zone order, mobility grouping on.  Total pages: 130048
[    0.000000] Kernel command line: console=ttymxc0,115200 nosmp root=/dev/mmcblk0p2 rootwait ro video=mxcfb0:dev=hdmi,1280x720M@60 consoleblank=0 factoryreset=0 vt.global_cursor_default=0
[    0.000000] PID hash table entries: 2048 (order: 1, 8192 bytes)
[    0.000000] Dentry cache hash table entries: 65536 (order: 6, 262144 bytes)
[    0.000000] Inode-cache hash table entries: 32768 (order: 5, 131072 bytes)
[    0.000000] Memory: 512MB = 512MB total
[    0.000000] Memory: 174488k/174488k available, 349800k reserved, 0K highmem
[    0.000000] Virtual kernel memory layout:
    vector  : 0xffff0000 - 0xffff1000   (   4 kB)
    fixmap  : 0xfff00000 - 0xfffe0000   ( 896 kB)
    vmalloc : 0xa0800000 - 0xff000000   (1512 MB)
    lowmem  : 0x80000000 - 0xa0000000   ( 512 MB)
    pkmap   : 0x7fe00000 - 0x80000000   (   2 MB)
    modules : 0x7f000000 - 0x7fe00000   (  14 MB)
      .text : 0x80008000 - 0x8065018c   (6433 kB)
      .init : 0x80651000 - 0x80fcc340   (9709 kB)
      .data : 0x80fce000 - 0x81006000   ( 224 kB)
       .bss : 0x81006000 - 0x810682e0   ( 393 kB)
[    0.000000] SLUB: HWalign=64, Order=0-3, MinObjects=0, CPUs=1, Nodes=1
[    0.000000] Preemptible hierarchical RCU implementation.
[    0.000000] 	RCU restricting CPUs from NR_CPUS=4 to nr_cpu_ids=1.
[    0.000000] NR_IRQS:16 nr_irqs:16 16
[    0.000000] L310 cache controller enabled
[    0.000000] l2x0: 16 ways, CACHE_ID 0x410000c8, AUX_CTRL 0x32050000, Cache size: 524288 B
[    0.000000] sched_clock: 32 bits at 3000kHz, resolution 333ns, wraps every 1431655ms
[    0.000000] CPU identified as i.MX6DL, silicon rev 1.3
[    0.000000] Console: colour dummy device 80x30
[    0.000757] Calibrating delay loop... 1581.05 BogoMIPS (lpj=7905280)
[    0.090130] pid_max: default: 32768 minimum: 301
[    0.090308] Mount-cache hash table entries: 512
[    0.091045] CPU: Testing write buffer coherency: ok
[    0.091300] CPU0: thread -1, cpu 0, socket 0, mpidr 80000000
[    0.091332] Setting up static identity map for 0x804a7bd8 - 0x804a7c30
[    0.130321] Brought up 1 CPUs
[    0.130331] SMP: Total of 1 processors activated (1581.05 BogoMIPS).
[    0.130336] CPU: All CPU(s) started in SVC mode.
[    0.130871] devtmpfs: initialized
[    0.134813] pinctrl core: initialized pinctrl subsystem
[    0.135100] regulator-dummy: no parameters
[    0.155815] NET: Registered protocol family 16
[    0.165205] DMA: preallocated 256 KiB pool for atomic coherent allocations
[    0.165898] Use WDOG1 as reset source
[    0.174149] syscon 20c8000.anatop: regmap [mem 0x020c8000-0x020c8fff] registered
[    0.174402] vdd1p1: 800 <--> 1375 mV at 1125 mV 
[    0.174705] vdd3p0: 2800 <--> 3150 mV at 3000 mV 
[    0.174978] vdd2p5: 2000 <--> 2750 mV at 2425 mV 
[    0.175254] cpu: 725 <--> 1450 mV at 1150 mV 
[    0.175532] vddpu: 725 <--> 1450 mV 
[    0.175824] vddsoc: 725 <--> 1450 mV at 1200 mV 
[    0.177548] syscon 20e0000.iomuxc-gpr: regmap [mem 0x020e0000-0x020e0037] registered
[    0.180206] syscon 21bc000.ocotp-ctrl: regmap [mem 0x021bc000-0x021bffff] registered
[    0.184197] hw-breakpoint: found 5 (+1 reserved) breakpoint and 1 watchpoint registers.
[    0.184207] hw-breakpoint: maximum watchpoint size is 4 bytes.
[    0.185688] imx6dl-pinctrl 20e0000.iomuxc: initialized IMX pinctrl driver
[    0.190085] bio: create slab <bio-0> at 0
[    0.192036] mxs-dma 110000.dma-apbh: initialized
[    0.192746] usb_otg_vbus: 5000 mV 
[    0.192939] usb_h1_vbus: 5000 mV 
[    0.193133] mipi_dsi_pwr_on: no parameters
[    0.193314] 3P3V: 3300 mV 
[    0.193490] 1P8V: 1800 mV 
[    0.193690] sensor-supply: 3300 mV 
[    0.193965] vgaarb: loaded
[    0.194511] usbcore: registered new interface driver usbfs
[    0.194572] usbcore: registered new interface driver hub
[    0.194680] usbcore: registered new device driver usb
[    0.195499] i2c i2c-0: IMX I2C adapter registered
[    0.196163] i2c i2c-1: IMX I2C adapter registered
[    0.196427] i2c i2c-2: IMX I2C adapter registered
[    0.196539] Linux video capture interface: v2.00
[    0.196581] pps_core: LinuxPPS API ver. 1 registered
[    0.196587] pps_core: Software ver. 5.3.6 - Copyright 2005-2007 Rodolfo Giometti <giometti@linux.it>
[    0.196607] PTP clock support registered
[    0.210501] imx-ipuv3 2400000.ipu: IPU DMFC NORMAL mode: 1(0~1), 5B(4,5), 5F(6,7)
[    0.211339] Advanced Linux Sound Architecture Driver Initialized.
[    0.211885] Switching to clocksource mxc_timer1
[    0.346417] PCI host bridge to bus 0000:00
[    0.346434] pci_bus 0000:00: root bus resource [io  0x1000-0x10000]
[    0.346444] pci_bus 0000:00: root bus resource [mem 0x01000000-0x01efffff]
[    0.346454] pci_bus 0000:00: No busn resource found for root bus, will use [bus 00-ff]
[    0.346493] pci 0000:00:00.0: [16c3:abcd] type 01 class 0x060400
[    0.346521] pci 0000:00:00.0: reg 10: [mem 0x00000000-0x000fffff]
[    0.346545] pci 0000:00:00.0: reg 38: [mem 0x00000000-0x0000ffff pref]
[    0.346604] pci 0000:00:00.0: supports D1
[    0.346613] pci 0000:00:00.0: PME# supported from D0 D1 D3hot D3cold
[    0.346821] PCI: bus0: Fast back to back transfers disabled
[    0.347055] pci 0000:01:00.0: [168c:0030] type 00 class 0x028000
[    0.347146] pci 0000:01:00.0: reg 10: [mem 0x00000000-0x0001ffff 64bit]
[    0.347334] pci 0000:01:00.0: reg 30: [mem 0x00000000-0x0000ffff pref]
[    0.347463] pci 0000:01:00.0: supports D1
[    0.347472] pci 0000:01:00.0: PME# supported from D0 D1 D3hot
[    0.347696] PCI: bus1: Fast back to back transfers disabled
[    0.347713] pci_bus 0000:01: busn_res: [bus 01-ff] end is updated to 01
[    0.347728] pci_bus 0000:00: busn_res: [bus 00-ff] end is updated to 01
[    0.347787] pci 0000:00:00.0: BAR 0: assigned [mem 0x01000000-0x010fffff]
[    0.347803] pci 0000:00:00.0: BAR 8: assigned [mem 0x01100000-0x011fffff]
[    0.347815] pci 0000:00:00.0: BAR 9: assigned [mem 0x01200000-0x012fffff pref]
[    0.347826] pci 0000:00:00.0: BAR 6: assigned [mem 0x01300000-0x0130ffff pref]
[    0.347842] pci 0000:01:00.0: BAR 0: assigned [mem 0x01100000-0x0111ffff 64bit]
[    0.347888] pci 0000:01:00.0: BAR 6: assigned [mem 0x01200000-0x0120ffff pref]
[    0.347900] pci 0000:00:00.0: PCI bridge to [bus 01]
[    0.347913] pci 0000:00:00.0:   bridge window [mem 0x01100000-0x011fffff]
[    0.347925] pci 0000:00:00.0:   bridge window [mem 0x01200000-0x012fffff pref]
[    0.347953] pci_bus 0000:00: resource 4 [io  0x1000-0x10000]
[    0.347963] pci_bus 0000:00: resource 5 [mem 0x01000000-0x01efffff]
[    0.347973] pci_bus 0000:01: resource 1 [mem 0x01100000-0x011fffff]
[    0.347984] pci_bus 0000:01: resource 2 [mem 0x01200000-0x012fffff pref]
[    0.356391] NET: Registered protocol family 2
[    0.356985] TCP established hash table entries: 4096 (order: 3, 32768 bytes)
[    0.357056] TCP bind hash table entries: 4096 (order: 3, 32768 bytes)
[    0.357121] TCP: Hash tables configured (established 4096 bind 4096)
[    0.357171] TCP: reno registered
[    0.357184] UDP hash table entries: 256 (order: 1, 8192 bytes)
[    0.357210] UDP-Lite hash table entries: 256 (order: 1, 8192 bytes)
[    0.357469] NET: Registered protocol family 1
[    0.357523] PCI: CLS 64 bytes, default 64
[    0.449131] hw perfevents: enabled with ARMv7 Cortex-A9 PMU driver, 7 counters available
[    0.450102] pureg-dummy: no parameters
[    0.451577] Bus freq driver module loaded
[    0.457430] VFS: Disk quotas dquot_6.5.2
[    0.457683] Dquot-cache hash table entries: 1024 (order 0, 4096 bytes)
[    0.459328] squashfs: version 4.0 (2009/01/31) Phillip Lougher
[    0.460068] aufs 3.10-20141215
[    0.460090] msgmni has been set to 980
[    0.463655] io scheduler noop registered
[    0.463664] io scheduler deadline registered
[    0.463824] io scheduler cfq registered (default)
[    0.464120] imx-weim 21b8000.weim: WEIM driver registered.
[    0.466463] mxc_sdc_fb fb.27: register mxc display driver hdmi
[    0.466511] mxc_hdmi 20e0000.hdmi_video: Detected HDMI controller 0x13:0x1a:0xa0:0xc1
[    0.466534] fbcvt: 1280x720@60: CVT Name - .921M9
[    0.482152] imx-ipuv3 2400000.ipu: IPU DMFC DP HIGH RESOLUTION: 1(0,1), 5B(2~5), 5F(6,7)
[    0.540811] Console: switching to colour frame buffer device 160x45
[    0.576760] mxc_sdc_fb fb.28: register mxc display driver hdmi
[    0.576775] mxc_hdmi 20e0000.hdmi_video: Error only one HDMI output support now!
[    0.576784] mxc_sdc_fb fb.28: NO mxc display driver found!
[    0.578973] imx-sdma 20ec000.sdma: no iram assigned, using external mem
[    0.581864] imx-sdma 20ec000.sdma: initialized
[    0.582446] imx-sdma 20ec000.sdma: loaded firmware 1.1
[    0.631176] Serial: IMX driver
[    0.631475] 2020000.serial: ttymxc0 at MMIO 0x2020000 (irq = 58) is a IMX
[    1.209964] console [ttymxc0] enabled
[    1.213049] 21e8000.serial: ttymxc1 at MMIO 0x21e8000 (irq = 59) is a IMX
[    1.218918] 21ec000.serial: ttymxc2 at MMIO 0x21ec000 (irq = 60) is a IMX
[    1.224814] 21f0000.serial: ttymxc3 at MMIO 0x21f0000 (irq = 61) is a IMX
[    1.230613] serial: Freescale lpuart driver
[    1.234236] [drm] Initialized drm 1.1.0 20060810
[    1.244109] brd: module loaded
[    1.249431] loop: module loaded
[    1.253634] ehci_hcd: USB 2.0 'Enhanced' Host Controller (EHCI) Driver
[    1.258871] ehci-pci: EHCI PCI platform driver
[    1.270565] ci_hdrc ci_hdrc.1: doesn't support gadget
[    1.274365] ci_hdrc ci_hdrc.1: EHCI Host Controller
[    1.277972] ci_hdrc ci_hdrc.1: new USB bus registered, assigned bus number 1
[    1.301973] ci_hdrc ci_hdrc.1: USB 2.0 started, EHCI 1.00
[    1.306657] hub 1-0:1.0: USB hub found
[    1.309129] hub 1-0:1.0: 1 port detected
[    1.313099] snvs_rtc 20cc034.snvs-rtc-lp: rtc core: registered 20cc034.snvs-rtc-lp as rtc0
[    1.320198] i2c /dev entries driver
[    1.323219] mxc_v4l2_output v4l2_out.32: V4L2 device registered as video16
[    1.328938] mxc_v4l2_output v4l2_out.32: V4L2 device registered as video17
[    1.335522] imx2-wdt 20bc000.wdog: IMX2+ Watchdog Timer enabled. timeout=60s (nowayout=0)
[    1.342834] cpuidle: using governor ladder
[    1.345639] cpuidle: using governor menu
[    1.348307] sdhci: Secure Digital Host Controller Interface driver
[    1.353219] sdhci: Copyright(c) Pierre Ossman
[    1.356280] sdhci-pltfm: SDHCI platform and OF driver helper
[    1.361776] mmc0: no vqmmc regulator found
[    1.364615] mmc0: no vmmc regulator found
[    1.411965] mmc0: SDHCI controller on 2194000.usdhc [2194000.usdhc] using ADMA
[    1.420750] mmc1: no vqmmc regulator found
[    1.423590] mmc1: no vmmc regulator found
[    1.471963] mmc1: SDHCI controller on 2198000.usdhc [2198000.usdhc] using ADMA
[    1.480544] mxc_vdoa 21e4000.vdoa: i.MX Video Data Order Adapter(VDOA) driver probed
[    1.491626] mxc_asrc 2034000.asrc: mxc_asrc registered
[    1.499314] mxc_vpu 2040000.vpu: VPU initialized
[    1.507142] leds-gpio leds.18: pins are not configured from the driver
[    1.514640] ledtrig-cpu: registered to indicate activity on CPUs
[    1.521568] usbcore: registered new interface driver usbhid
[    1.525916] usbhid: USB HID core driver
[    1.538984] imx-audio-hdmi sound-hdmi.26:  hdmi-hifi <-> hdmi_audio.16 mapping ok
[    1.546273] TCP: cubic registered
[    1.548702] NET: Registered protocol family 10
[    1.552633] sit: IPv6 over IPv4 tunneling driver
[    1.556508] NET: Registered protocol family 17
[    1.559673] 8021q: 802.1Q VLAN Support v1.8
[    1.562691] Key type dns_resolver registered
[    1.565803] VFP support v0.3: implementor 41 architecture 3 part 30 variant 9 rev 4
[    1.574687] snvs_rtc 20cc034.snvs-rtc-lp: setting system clock to 1970-01-01 00:00:00 UTC (0)
[    1.589421] ALSA device list:
[    1.591107]   #0: imx-hdmi-soc
[    1.603022] mmc1: new high speed SDHC card at address aaaa
[    1.608789] Freeing unused kernel memory: 9708K (80651000 - 80fcc000)
[    1.614010] mmcblk0: mmc1:aaaa SL08G 7.40 GiB 
[    1.618429]  mmcblk0: p1 p2 p3 p4
[    1.843067] kjournald starting.  Commit interval 5 seconds
[    1.851009] EXT3-fs (mmcblk0p4): using internal journal
[    1.855001] EXT3-fs (mmcblk0p4): mounted filesystem with ordered data mode
[    2.430996] kjournald starting.  Commit interval 5 seconds
[    2.437520] EXT3-fs (mmcblk0p3): using internal journal
[    2.441447] EXT3-fs (mmcblk0p3): mounted filesystem with ordered data mode
[    3.292526] udevd[141]: starting version 182
[    3.557982] Loading modules backported from Linux version next-20150903-0-ga672f92
[    3.634269] Backport generated by backports.git backports-20150903-0-g7b34ea2
[    3.790035] g_acm_ms gadget: Mass Storage Function, version: 2009/09/11
[    3.977185] cfg80211: World regulatory domain updated:
[    3.996123] g_acm_ms gadget: Number of LUNs=1
[    3.999202]  lun0: LUN: file: /dev/mmcblk0p4
[    3.981031] cfg80211:  DFS Master region: unset
[    4.066473] cfg80211:   (start_freq - end_freq @ bandwidth), (max_antenna_gain, max_eirp), (dfs_cac_time)
[    4.338407] cfg80211:   (2402000 KHz - 2472000 KHz @ 40000 KHz), (N/A, 2000 mBm), (N/A)
[    4.421487] g_acm_ms gadget: Composite Gadget (ACM + MS), version: 2011/10/10
[    4.550428] cfg80211:   (2457000 KHz - 2482000 KHz @ 40000 KHz), (N/A, 2000 mBm), (N/A)
[    4.566586] g_acm_ms gadget: g_acm_ms ready
[    4.756222] cfg80211:   (2474000 KHz - 2494000 KHz @ 20000 KHz), (N/A, 2000 mBm), (N/A)
[    4.818902] cfg80211:   (5170000 KHz - 5250000 KHz @ 160000 KHz), (N/A, 2000 mBm), (N/A)
[    4.842435] cfg80211:   (5250000 KHz - 5330000 KHz @ 160000 KHz), (N/A, 2000 mBm), (0 s)
[    4.849235] cfg80211:   (5490000 KHz - 5730000 KHz @ 160000 KHz), (N/A, 2000 mBm), (0 s)
[    4.882534] cfg80211:   (5735000 KHz - 5835000 KHz @ 80000 KHz), (N/A, 2000 mBm), (N/A)
[    4.889910] cfg80211:   (57240000 KHz - 63720000 KHz @ 2160000 KHz), (N/A, 0 mBm), (N/A)
[    5.088171] PCI: enabling device 0000:01:00.0 (0140 -> 0142)
[    5.496122] ath: EEPROM regdomain: 0x0
[    5.496132] ath: EEPROM indicates default country code should be used
[    5.496136] ath: doing EEPROM country->regdmn map search
[    5.496143] ath: country maps to regdmn code: 0x3a
[    5.496147] ath: Country alpha2 being used: US
[    5.496150] ath: Regpair used: 0x3a
[    5.553805] ieee80211 phy0: Selected rate control algorithm 'minstrel_ht'
[    5.556927] cfg80211: Regulatory domain changed to country: US
[    5.566739] ieee80211 phy0: Atheros AR9300 Rev:3 mem=0xa0c40000, irq=155
[    5.561468] cfg80211:  DFS Master region: FCC
[    5.575519] cfg80211:   (start_freq - end_freq @ bandwidth), (max_antenna_gain, max_eirp), (dfs_cac_time)
[    5.593625] cfg80211:   (2402000 KHz - 2472000 KHz @ 40000 KHz), (N/A, 3000 mBm), (N/A)
[    5.614849] cfg80211:   (5170000 KHz - 5250000 KHz @ 80000 KHz), (N/A, 1700 mBm), (N/A)
[    5.630842] cfg80211:   (5250000 KHz - 5330000 KHz @ 80000 KHz), (N/A, 2300 mBm), (0 s)
[    5.647215] cfg80211:   (5735000 KHz - 5835000 KHz @ 80000 KHz), (N/A, 3000 mBm), (N/A)
[    5.662432] cfg80211:   (57240000 KHz - 63720000 KHz @ 2160000 KHz), (N/A, 4000 mBm), (N/A)
[    5.673664] EXT4-fs (mmcblk0p4): mounted filesystem with ordered data mode. Opts: (null)
