[    0.000000] Booting Linux on physical CPU 0x0
[    0.000000] Linux version 3.10.17-rt12-1.0.0_ga+g4176d57 (jfinley@ip-10-100-24-103) (gcc version 4.8.1 (GCC) ) #8 SMP PREEMPT Wed Nov 18 20:27:35 UTC 2015
[    0.000000] CPU: ARMv7 Processor [412fc09a] revision 10 (ARMv7), cr=10c53c7d
[    0.000000] CPU: PIPT / VIPT nonaliasing data cache, VIPT aliasing instruction cache
[    0.000000] Machine: Freescale i.MX6 Quad/DualLite (Device Tree), model: 3DRobotics i.MX6 Solo HDTC
[    0.000000] cma: CMA: reserved 320 MiB at 1c000000
[    0.000000] Memory policy: ECC disabled, Data cache writealloc
[    0.000000] On node 0 totalpages: 131072
[    0.000000] free_area_init_node: node 0, pgdat 81004bc0, node_mem_map 81069000
[    0.000000]   DMA zone: 1024 pages used for memmap
[    0.000000]   DMA zone: 0 pages reserved
[    0.000000]   DMA zone: 131072 pages, LIFO batch:31
[    0.000000] PERCPU: Embedded 8 pages/cpu @8147b000 s9024 r8192 d15552 u32768
[    0.000000] pcpu-alloc: s9024 r8192 d15552 u32768 alloc=8*4096
[    0.000000] pcpu-alloc: [0] 0 
[    0.000000] Built 1 zonelists in Zone order, mobility grouping on.  Total pages: 130048
[    0.000000] Kernel command line: console=ttymxc3,115200 nosmp root=/dev/mmcblk0p2 rootwait ro video=mxcfb0:dev=hdmi,1280x720M@60 consoleblank=0 factoryreset=0 vt.global_cursor_default=0
[    0.000000] PID hash table entries: 2048 (order: 1, 8192 bytes)
[    0.000000] Dentry cache hash table entries: 65536 (order: 6, 262144 bytes)
[    0.000000] Inode-cache hash table entries: 32768 (order: 5, 131072 bytes)
[    0.000000] Memory: 512MB = 512MB total
[    0.000000] Memory: 174496k/174496k available, 349792k reserved, 0K highmem
[    0.000000] Virtual kernel memory layout:
    vector  : 0xffff0000 - 0xffff1000   (   4 kB)
    fixmap  : 0xfff00000 - 0xfffe0000   ( 896 kB)
    vmalloc : 0xa0800000 - 0xff000000   (1512 MB)
    lowmem  : 0x80000000 - 0xa0000000   ( 512 MB)
    pkmap   : 0x7fe00000 - 0x80000000   (   2 MB)
    modules : 0x7f000000 - 0x7fe00000   (  14 MB)
      .text : 0x80008000 - 0x8065018c   (6433 kB)
      .init : 0x80651000 - 0x80fcc340   (9709 kB)
      .data : 0x80fce000 - 0x81006040   ( 225 kB)
       .bss : 0x81006040 - 0x81068320   ( 393 kB)
[    0.000000] SLUB: HWalign=64, Order=0-3, MinObjects=0, CPUs=1, Nodes=1
[    0.000000] Preemptible hierarchical RCU implementation.
[    0.000000] 	RCU restricting CPUs from NR_CPUS=4 to nr_cpu_ids=1.
[    0.000000] NR_IRQS:16 nr_irqs:16 16
[    0.000000] L310 cache controller enabled
[    0.000000] l2x0: 16 ways, CACHE_ID 0x410000c8, AUX_CTRL 0x32050000, Cache size: 524288 B
[    0.000000] sched_clock: 32 bits at 3000kHz, resolution 333ns, wraps every 1431655ms
[    0.000000] CPU identified as i.MX6DL, silicon rev 1.2
[    0.000000] Console: colour dummy device 80x30
[    0.000701] Calibrating delay loop... 1581.05 BogoMIPS (lpj=7905280)
[    0.090131] pid_max: default: 32768 minimum: 301
[    0.090310] Mount-cache hash table entries: 512
[    0.091039] CPU: Testing write buffer coherency: ok
[    0.091289] CPU0: thread -1, cpu 0, socket 0, mpidr 80000000
[    0.091321] Setting up static identity map for 0x804a7f78 - 0x804a7fd0
[    0.130315] Brought up 1 CPUs
[    0.130327] SMP: Total of 1 processors activated (1581.05 BogoMIPS).
[    0.130332] CPU: All CPU(s) started in SVC mode.
[    0.130867] devtmpfs: initialized
[    0.134856] pinctrl core: initialized pinctrl subsystem
[    0.135130] regulator-dummy: no parameters
[    0.154271] NET: Registered protocol family 16
[    0.163682] DMA: preallocated 256 KiB pool for atomic coherent allocations
[    0.164373] Use WDOG1 as reset source
[    0.172470] syscon 20c8000.anatop: regmap [mem 0x020c8000-0x020c8fff] registered
[    0.172703] vdd1p1: 800 <--> 1375 mV at 1125 mV 
[    0.173009] vdd3p0: 2800 <--> 3150 mV at 3000 mV 
[    0.173279] vdd2p5: 2000 <--> 2750 mV at 2425 mV 
[    0.173568] cpu: 725 <--> 1450 mV at 1150 mV 
[    0.173836] vddpu: 725 <--> 1450 mV 
[    0.174114] vddsoc: 725 <--> 1450 mV at 1200 mV 
[    0.175870] syscon 20e0000.iomuxc-gpr: regmap [mem 0x020e0000-0x020e0037] registered
[    0.178225] syscon 21bc000.ocotp-ctrl: regmap [mem 0x021bc000-0x021bffff] registered
[    0.180984] hw-breakpoint: found 5 (+1 reserved) breakpoint and 1 watchpoint registers.
[    0.180993] hw-breakpoint: maximum watchpoint size is 4 bytes.
[    0.182430] imx6dl-pinctrl 20e0000.iomuxc: initialized IMX pinctrl driver
[    0.186578] bio: create slab <bio-0> at 0
[    0.188482] mxs-dma 110000.dma-apbh: initialized
[    0.189133] usb_otg_vbus: 5000 mV 
[    0.189348] usb_h1_vbus: 5000 mV 
[    0.189560] 3P3V: 3300 mV 
[    0.189750] 1P8V: 1800 mV 
[    0.190012] vgaarb: loaded
[    0.190495] usbcore: registered new interface driver usbfs
[    0.190547] usbcore: registered new interface driver hub
[    0.190654] usbcore: registered new device driver usb
[    0.191881] i2c i2c-0: IMX I2C adapter registered
[    0.192419] i2c i2c-1: IMX I2C adapter registered
[    0.192504] Linux video capture interface: v2.00
[    0.192547] pps_core: LinuxPPS API ver. 1 registered
[    0.192554] pps_core: Software ver. 5.3.6 - Copyright 2005-2007 Rodolfo Giometti <giometti@linux.it>
[    0.192574] PTP clock support registered
[    0.210504] imx-ipuv3 2400000.ipu: IPU DMFC NORMAL mode: 1(0~1), 5B(4,5), 5F(6,7)
[    0.211322] Advanced Linux Sound Architecture Driver Initialized.
[    0.211862] Switching to clocksource mxc_timer1
[    0.346395] PCI host bridge to bus 0000:00
[    0.346412] pci_bus 0000:00: root bus resource [io  0x1000-0x10000]
[    0.346422] pci_bus 0000:00: root bus resource [mem 0x01000000-0x01efffff]
[    0.346432] pci_bus 0000:00: No busn resource found for root bus, will use [bus 00-ff]
[    0.346472] pci 0000:00:00.0: [16c3:abcd] type 01 class 0x060400
[    0.346497] pci 0000:00:00.0: reg 10: [mem 0x00000000-0x000fffff]
[    0.346521] pci 0000:00:00.0: reg 38: [mem 0x00000000-0x0000ffff pref]
[    0.346572] pci 0000:00:00.0: supports D1
[    0.346580] pci 0000:00:00.0: PME# supported from D0 D1 D3hot D3cold
[    0.346792] PCI: bus0: Fast back to back transfers disabled
[    0.347003] pci 0000:01:00.0: [168c:0030] type 00 class 0x028000
[    0.347096] pci 0000:01:00.0: reg 10: [mem 0x00000000-0x0001ffff 64bit]
[    0.347283] pci 0000:01:00.0: reg 30: [mem 0x00000000-0x0000ffff pref]
[    0.347413] pci 0000:01:00.0: supports D1
[    0.347422] pci 0000:01:00.0: PME# supported from D0 D1 D3hot
[    0.347645] PCI: bus1: Fast back to back transfers disabled
[    0.347661] pci_bus 0000:01: busn_res: [bus 01-ff] end is updated to 01
[    0.347676] pci_bus 0000:00: busn_res: [bus 00-ff] end is updated to 01
[    0.347738] pci 0000:00:00.0: BAR 0: assigned [mem 0x01000000-0x010fffff]
[    0.347754] pci 0000:00:00.0: BAR 8: assigned [mem 0x01100000-0x011fffff]
[    0.347765] pci 0000:00:00.0: BAR 9: assigned [mem 0x01200000-0x012fffff pref]
[    0.347776] pci 0000:00:00.0: BAR 6: assigned [mem 0x01300000-0x0130ffff pref]
[    0.347791] pci 0000:01:00.0: BAR 0: assigned [mem 0x01100000-0x0111ffff 64bit]
[    0.347840] pci 0000:01:00.0: BAR 6: assigned [mem 0x01200000-0x0120ffff pref]
[    0.347852] pci 0000:00:00.0: PCI bridge to [bus 01]
[    0.347865] pci 0000:00:00.0:   bridge window [mem 0x01100000-0x011fffff]
[    0.347877] pci 0000:00:00.0:   bridge window [mem 0x01200000-0x012fffff pref]
[    0.347905] pci_bus 0000:00: resource 4 [io  0x1000-0x10000]
[    0.347914] pci_bus 0000:00: resource 5 [mem 0x01000000-0x01efffff]
[    0.347923] pci_bus 0000:01: resource 1 [mem 0x01100000-0x011fffff]
[    0.347931] pci_bus 0000:01: resource 2 [mem 0x01200000-0x012fffff pref]
[    0.356287] NET: Registered protocol family 2
[    0.356880] TCP established hash table entries: 4096 (order: 3, 32768 bytes)
[    0.356954] TCP bind hash table entries: 4096 (order: 3, 32768 bytes)
[    0.357019] TCP: Hash tables configured (established 4096 bind 4096)
[    0.357067] TCP: reno registered
[    0.357081] UDP hash table entries: 256 (order: 1, 8192 bytes)
[    0.357106] UDP-Lite hash table entries: 256 (order: 1, 8192 bytes)
[    0.357364] NET: Registered protocol family 1
[    0.357427] PCI: CLS 64 bytes, default 64
[    0.448884] hw perfevents: enabled with ARMv7 Cortex-A9 PMU driver, 7 counters available
[    0.449701] pureg-dummy: no parameters
[    0.451084] Bus freq driver module loaded
[    0.456827] VFS: Disk quotas dquot_6.5.2
[    0.457094] Dquot-cache hash table entries: 1024 (order 0, 4096 bytes)
[    0.458807] squashfs: version 4.0 (2009/01/31) Phillip Lougher
[    0.459562] aufs 3.10-20141215
[    0.459583] msgmni has been set to 980
[    0.463197] io scheduler noop registered
[    0.463206] io scheduler deadline registered
[    0.463362] io scheduler cfq registered (default)
[    0.463649] imx-weim 21b8000.weim: WEIM driver registered.
[    0.467122] imx-sdma 20ec000.sdma: no iram assigned, using external mem
[    0.469996] imx-sdma 20ec000.sdma: initialized
[    0.470434] imx-sdma 20ec000.sdma: loaded firmware 1.1
[    0.521019] Serial: IMX driver
[    0.521710] 21e8000.serial: ttymxc1 at MMIO 0x21e8000 (irq = 59) is a IMX
[    0.522145] 21ec000.serial: ttymxc2 at MMIO 0x21ec000 (irq = 60) is a IMX
[    0.522531] 21f0000.serial: ttymxc3 at MMIO 0x21f0000 (irq = 61) is a IMX
[    1.062480] console [ttymxc3] enabled
[    1.065228] 21f4000.serial: ttymxc4 at MMIO 0x21f4000 (irq = 62) is a IMX
[    1.070987] serial: Freescale lpuart driver
[    1.074581] [drm] Initialized drm 1.1.0 20060810
[    1.084576] brd: module loaded
[    1.089897] loop: module loaded
[    1.093930] ehci_hcd: USB 2.0 'Enhanced' Host Controller (EHCI) Driver
[    1.099168] ehci-pci: EHCI PCI platform driver
[    1.107336] ci_hdrc ci_hdrc.0: EHCI Host Controller
[    1.110940] ci_hdrc ci_hdrc.0: new USB bus registered, assigned bus number 1
[    1.131948] ci_hdrc ci_hdrc.0: USB 2.0 started, EHCI 1.00
[    1.136675] hub 1-0:1.0: USB hub found
[    1.139152] hub 1-0:1.0: 1 port detected
[    1.145475] ci_hdrc ci_hdrc.1: doesn't support gadget
[    1.149248] ci_hdrc ci_hdrc.1: EHCI Host Controller
[    1.152898] ci_hdrc ci_hdrc.1: new USB bus registered, assigned bus number 2
[    1.171938] ci_hdrc ci_hdrc.1: USB 2.0 started, EHCI 1.00
[    1.176585] hub 2-0:1.0: USB hub found
[    1.179058] hub 2-0:1.0: 1 port detected
[    1.182891] snvs_rtc 20cc034.snvs-rtc-lp: rtc core: registered 20cc034.snvs-rtc-lp as rtc0
[    1.189965] i2c /dev entries driver
[    1.193558] imx2-wdt 20bc000.wdog: IMX2+ Watchdog Timer enabled. timeout=60s (nowayout=0)
[    1.200806] cpuidle: using governor ladder
[    1.203664] cpuidle: using governor menu
[    1.206337] sdhci: Secure Digital Host Controller Interface driver
[    1.211221] sdhci: Copyright(c) Pierre Ossman
[    1.214302] sdhci-pltfm: SDHCI platform and OF driver helper
[    1.219814] mmc0: no vqmmc regulator found
[    1.222653] mmc0: no vmmc regulator found
[    1.261941] mmc0: SDHCI controller on 2198000.usdhc [2198000.usdhc] using ADMA
[    1.270438] mxc_vdoa 21e4000.vdoa: i.MX Video Data Order Adapter(VDOA) driver probed
[    1.282505] mxc_asrc 2034000.asrc: mxc_asrc registered
[    1.290115] mxc_vpu 2040000.vpu: VPU initialized
[    1.297941] leds-gpio leds.16: pins are not configured from the driver
[    1.305414] ledtrig-cpu: registered to indicate activity on CPUs
[    1.312372] usbcore: registered new interface driver usbhid
[    1.316694] usbhid: USB HID core driver
[    1.324310] TCP: cubic registered
[    1.326777] NET: Registered protocol family 10
[    1.330666] sit: IPv6 over IPv4 tunneling driver
[    1.337783] NET: Registered protocol family 17
[    1.340998] 8021q: 802.1Q VLAN Support v1.8
[    1.344028] Key type dns_resolver registered
[    1.347103] VFP support v0.3: implementor 41 architecture 3 part 30 variant 9 rev 4
[    1.356008] input: gpio-keys.22 as /devices/soc0/gpio-keys.22/input/input0
[    1.361834] snvs_rtc 20cc034.snvs-rtc-lp: setting system clock to 1970-01-01 00:00:00 UTC (0)
[    1.377019] ALSA device list:
[    1.378700]   No soundcards found.
[    1.391012] Freeing unused kernel memory: 9708K (80651000 - 80fcc000)
[    1.397318] mmc0: new high speed SDHC card at address e624
[    1.409364] mmcblk0: mmc0:e624 SU08G 7.40 GiB 
[    1.413886]  mmcblk0: p1 p2 p3 p4
[    1.452008] usb 1-1: new high-speed USB device number 2 using ci_hdrc
[    1.652214] kjournald starting.  Commit interval 5 seconds
[    1.657979] EXT3-fs (mmcblk0p4): using internal journal
[    1.661951] EXT3-fs (mmcblk0p4): mounted filesystem with ordered data mode
[    3.060103] kjournald starting.  Commit interval 5 seconds
[    3.069721] EXT3-fs (mmcblk0p3): using internal journal
[    3.073700] EXT3-fs (mmcblk0p3): mounted filesystem with ordered data mode
[    3.919487] udevd[142]: starting version 182
[    4.393520] g_acm_ms gadget: Mass Storage Function, version: 2009/09/11
[    4.398845] g_acm_ms gadget: Number of LUNs=1
[    4.451322] Loading modules backported from Linux version next-20150903-0-ga672f92
[    4.457671]  lun0: LUN: file: /dev/mmcblk0p4
[    4.519337] g_acm_ms gadget: Composite Gadget (ACM + MS), version: 2011/10/10
[    4.541292] Backport generated by backports.git backports-20150903-0-g7b34ea2
[    4.550437] usbcore: registered new interface driver usbserial
[    4.563908] g_acm_ms gadget: g_acm_ms ready
[    4.847947] usbcore: registered new interface driver ftdi_sio
[    4.999391] cfg80211: World regulatory domain updated:
[    5.046705] usbserial: USB Serial support registered for FTDI USB Serial Device
[    5.058880] cfg80211:  DFS Master region: unset
[    5.187316] cfg80211:   (start_freq - end_freq @ bandwidth), (max_antenna_gain, max_eirp), (dfs_cac_time)
[    5.342129] ftdi_sio 1-1:1.0: FTDI USB Serial Device converter detected
[    5.523876] cfg80211:   (2402000 KHz - 2472000 KHz @ 40000 KHz), (N/A, 2000 mBm), (N/A)
[    5.530707] usb 1-1: Detected FT232H
[    5.580948] usb 1-1: Number of endpoints 2
[    5.599873] usb 1-1: Endpoint 1 MaxPacketSize 512
[    5.605511] cfg80211:   (2457000 KHz - 2482000 KHz @ 40000 KHz), (N/A, 2000 mBm), (N/A)
[    5.615733] usb 1-1: Endpoint 2 MaxPacketSize 512
[    5.623835] usb 1-1: Setting MaxPacketSize 512
[    5.681283] cfg80211:   (2474000 KHz - 2494000 KHz @ 20000 KHz), (N/A, 2000 mBm), (N/A)
[    5.773303] usb 1-1: FTDI USB Serial Device converter now attached to ttyUSB0
[    5.800698] cfg80211:   (5170000 KHz - 5250000 KHz @ 160000 KHz), (N/A, 2000 mBm), (N/A)
[    5.851992] cfg80211:   (5250000 KHz - 5330000 KHz @ 160000 KHz), (N/A, 2000 mBm), (0 s)
[    5.858792] cfg80211:   (5490000 KHz - 5730000 KHz @ 160000 KHz), (N/A, 2000 mBm), (0 s)
[    5.882718] cfg80211:   (5735000 KHz - 5835000 KHz @ 80000 KHz), (N/A, 2000 mBm), (N/A)
[    5.889430] cfg80211:   (57240000 KHz - 63720000 KHz @ 2160000 KHz), (N/A, 0 mBm), (N/A)
[    6.096879] PCI: enabling device 0000:01:00.0 (0140 -> 0142)
[    6.352804] EXT4-fs (mmcblk0p4): mounted filesystem with ordered data mode. Opts: (null)
[    6.589247] ath: EEPROM regdomain: 0x0
[    6.589254] ath: EEPROM indicates default country code should be used
[    6.589258] ath: doing EEPROM country->regdmn map search
[    6.589265] ath: country maps to regdmn code: 0x3a
[    6.589269] ath: Country alpha2 being used: US
[    6.589273] ath: Regpair used: 0x3a
[    6.626619] ieee80211 phy0: Selected rate control algorithm 'minstrel_ht'
[    6.628569] cfg80211: Regulatory domain changed to country: US
[    6.634958] ieee80211 phy0: Atheros AR9300 Rev:3 mem=0xa0c40000, irq=155
[    6.640391] cfg80211:  DFS Master region: FCC
[    6.646732] cfg80211:   (start_freq - end_freq @ bandwidth), (max_antenna_gain, max_eirp), (dfs_cac_time)
[    6.690038] cfg80211:   (2402000 KHz - 2472000 KHz @ 40000 KHz), (N/A, 3000 mBm), (N/A)
[    6.712126] cfg80211:   (5170000 KHz - 5250000 KHz @ 80000 KHz), (N/A, 1700 mBm), (N/A)
[    6.718839] cfg80211:   (5250000 KHz - 5330000 KHz @ 80000 KHz), (N/A, 2300 mBm), (0 s)
[    6.769215] cfg80211:   (5735000 KHz - 5835000 KHz @ 80000 KHz), (N/A, 3000 mBm), (N/A)
[    6.876291] cfg80211:   (57240000 KHz - 63720000 KHz @ 2160000 KHz), (N/A, 4000 mBm), (N/A)
